// Jest Snapshot v1, https://goo.gl/fbAQLP

exports[`<Logo /> should match snapshot 1`] = `
<Row
  align="middle"
  style={
    Object {
      "height": "100%",
      "paddingLeft": 10,
    }
  }
>
  <Col>
    <Logo__Title>
      Remitano
    </Logo__Title>
  </Col>
  <Col
    xs={0}
  >
    <Logo__Description>
      Youtube Sharing Website
    </Logo__Description>
  </Col>
</Row>
`;
