// Jest Snapshot v1, https://goo.gl/fbAQLP

exports[`<Nav /> should match the snapshot 1`] = `
<Row
  gutter={9}
  style={
    Object {
      "height": "100%",
      "width": "100%",
    }
  }
>
  <Col
    lg={18}
    md={18}
    sm={16}
    xs={0}
  >
    <div
      className="flex-center-end"
    >
      <Input
        onChange={[Function]}
        placeholder="Username"
        prefix={<ForwardRef(UserOutlined) />}
        value=""
      />
      <Password
        onChange={[Function]}
        placeholder="Password"
        style={
          Object {
            "marginLeft": 10,
          }
        }
        value=""
      />
    </div>
  </Col>
  <Col
    className="flex-center-end"
    lg={6}
    md={6}
    sm={8}
    xs={24}
  >
    <Button
      onClick={[Function]}
      type="primary"
    >
      Login / Register
    </Button>
  </Col>
</Row>
`;
